// Jest Snapshot v1, https://goo.gl/fbAQLP

exports[`Text toObject 1`] = `
{
  "angle": 0,
  "backgroundColor": "",
  "charSpacing": 0,
  "direction": "ltr",
  "fill": "rgb(0,0,0)",
  "fillRule": "nonzero",
  "flipX": false,
  "flipY": false,
  "fontFamily": "Times New Roman",
  "fontSize": 40,
  "fontStyle": "normal",
  "fontWeight": "normal",
  "globalCompositeOperation": "source-over",
  "height": 45.2,
  "left": 0,
  "lineHeight": 1.16,
  "linethrough": false,
  "opacity": 1,
  "originX": "left",
  "originY": "top",
  "overline": false,
  "paintFirst": "fill",
  "path": undefined,
  "pathAlign": "baseline",
  "pathSide": "left",
  "pathStartOffset": 0,
  "scaleX": 1,
  "scaleY": 1,
  "shadow": null,
  "skewX": 0,
  "skewY": 0,
  "stroke": null,
  "strokeDashArray": null,
  "strokeDashOffset": 0,
  "strokeLineCap": "butt",
  "strokeLineJoin": "miter",
  "strokeMiterLimit": 4,
  "strokeUniform": false,
  "strokeWidth": 1,
  "styles": [],
  "text": "text",
  "textAlign": "left",
  "textBackgroundColor": "",
  "top": 0,
  "type": "Text",
  "underline": false,
  "version": "6.0.0-beta10",
  "visible": true,
  "width": 2,
}
`;
