// Vitest Snapshot v1, https://vitest.dev/guide/snapshot.html

exports[`Canvas event data > HTML event "contextmenu" should fire a corresponding canvas event 1`] = `
[
  [
    "contextmenu:before",
    {
      "e": MouseEvent {
        "isTrusted": false,
      },
      "subTargets": [],
      "target": undefined,
    },
  ],
  [
    "contextmenu",
    {
      "e": MouseEvent {
        "isTrusted": false,
      },
      "subTargets": [],
      "target": undefined,
    },
  ],
]
`;

exports[`Canvas event data > HTML event "dblclick" should fire a corresponding canvas event 1`] = `
[
  [
    "mouse:dblclick",
    {
      "absolutePointer": Point {
        "x": -30,
        "y": -13,
      },
      "e": MouseEvent {
        "isTrusted": false,
      },
      "pointer": Point {
        "x": 50,
        "y": 50,
      },
      "scenePoint": Point {
        "x": -30,
        "y": -13,
      },
      "subTargets": [],
      "target": undefined,
      "transform": null,
      "viewportPoint": Point {
        "x": 50,
        "y": 50,
      },
    },
  ],
]
`;

exports[`Canvas event data > HTML event "drag" should fire a corresponding canvas event 1`] = `
[
  [
    "dragstart",
    {
      "e": MouseEvent {
        "isTrusted": false,
      },
      "target": {
        "angle": 0,
        "backgroundColor": "",
        "charSpacing": 0,
        "direction": "ltr",
        "fill": "rgb(0,0,0)",
        "fillRule": "nonzero",
        "flipX": false,
        "flipY": false,
        "fontFamily": "Times New Roman",
        "fontSize": 40,
        "fontStyle": "normal",
        "fontWeight": "normal",
        "globalCompositeOperation": "source-over",
        "height": 45.2,
        "left": 0,
        "lineHeight": 1.16,
        "linethrough": false,
        "opacity": 1,
        "originX": "center",
        "originY": "center",
        "overline": false,
        "paintFirst": "fill",
        "path": undefined,
        "pathAlign": "baseline",
        "pathSide": "left",
        "pathStartOffset": 0,
        "scaleX": 1,
        "scaleY": 1,
        "shadow": null,
        "skewX": 0,
        "skewY": 0,
        "stroke": null,
        "strokeDashArray": null,
        "strokeDashOffset": 0,
        "strokeLineCap": "butt",
        "strokeLineJoin": "miter",
        "strokeMiterLimit": 4,
        "strokeUniform": false,
        "strokeWidth": 1,
        "styles": [],
        "text": "Drag Target",
        "textAlign": "left",
        "textBackgroundColor": "",
        "top": 0,
        "type": "IText",
        "underline": false,
        "version": "6.5.4",
        "visible": true,
        "width": 190.0977,
      },
    },
  ],
  [
    "drag",
    {
      "dragSource": {
        "angle": 0,
        "backgroundColor": "",
        "charSpacing": 0,
        "direction": "ltr",
        "fill": "rgb(0,0,0)",
        "fillRule": "nonzero",
        "flipX": false,
        "flipY": false,
        "fontFamily": "Times New Roman",
        "fontSize": 40,
        "fontStyle": "normal",
        "fontWeight": "normal",
        "globalCompositeOperation": "source-over",
        "height": 45.2,
        "left": 0,
        "lineHeight": 1.16,
        "linethrough": false,
        "opacity": 1,
        "originX": "center",
        "originY": "center",
        "overline": false,
        "paintFirst": "fill",
        "path": undefined,
        "pathAlign": "baseline",
        "pathSide": "left",
        "pathStartOffset": 0,
        "scaleX": 1,
        "scaleY": 1,
        "shadow": null,
        "skewX": 0,
        "skewY": 0,
        "stroke": null,
        "strokeDashArray": null,
        "strokeDashOffset": 0,
        "strokeLineCap": "butt",
        "strokeLineJoin": "miter",
        "strokeMiterLimit": 4,
        "strokeUniform": false,
        "strokeWidth": 1,
        "styles": [],
        "text": "Drag Target",
        "textAlign": "left",
        "textBackgroundColor": "",
        "top": 0,
        "type": "IText",
        "underline": false,
        "version": "6.5.4",
        "visible": true,
        "width": 190.0977,
      },
      "dropTarget": undefined,
      "e": MouseEvent {
        "isTrusted": false,
      },
      "target": {
        "angle": 0,
        "backgroundColor": "",
        "charSpacing": 0,
        "direction": "ltr",
        "fill": "rgb(0,0,0)",
        "fillRule": "nonzero",
        "flipX": false,
        "flipY": false,
        "fontFamily": "Times New Roman",
        "fontSize": 40,
        "fontStyle": "normal",
        "fontWeight": "normal",
        "globalCompositeOperation": "source-over",
        "height": 45.2,
        "left": 0,
        "lineHeight": 1.16,
        "linethrough": false,
        "opacity": 1,
        "originX": "center",
        "originY": "center",
        "overline": false,
        "paintFirst": "fill",
        "path": undefined,
        "pathAlign": "baseline",
        "pathSide": "left",
        "pathStartOffset": 0,
        "scaleX": 1,
        "scaleY": 1,
        "shadow": null,
        "skewX": 0,
        "skewY": 0,
        "stroke": null,
        "strokeDashArray": null,
        "strokeDashOffset": 0,
        "strokeLineCap": "butt",
        "strokeLineJoin": "miter",
        "strokeMiterLimit": 4,
        "strokeUniform": false,
        "strokeWidth": 1,
        "styles": [],
        "text": "Drag Target",
        "textAlign": "left",
        "textBackgroundColor": "",
        "top": 0,
        "type": "IText",
        "underline": false,
        "version": "6.5.4",
        "visible": true,
        "width": 190.0977,
      },
    },
  ],
]
`;

exports[`Canvas event data > HTML event "dragend" should fire a corresponding canvas event 1`] = `
[
  [
    "dragstart",
    {
      "e": MouseEvent {
        "isTrusted": false,
      },
      "target": {
        "angle": 0,
        "backgroundColor": "",
        "charSpacing": 0,
        "direction": "ltr",
        "fill": "rgb(0,0,0)",
        "fillRule": "nonzero",
        "flipX": false,
        "flipY": false,
        "fontFamily": "Times New Roman",
        "fontSize": 40,
        "fontStyle": "normal",
        "fontWeight": "normal",
        "globalCompositeOperation": "source-over",
        "height": 45.2,
        "left": 0,
        "lineHeight": 1.16,
        "linethrough": false,
        "opacity": 1,
        "originX": "center",
        "originY": "center",
        "overline": false,
        "paintFirst": "fill",
        "path": undefined,
        "pathAlign": "baseline",
        "pathSide": "left",
        "pathStartOffset": 0,
        "scaleX": 1,
        "scaleY": 1,
        "shadow": null,
        "skewX": 0,
        "skewY": 0,
        "stroke": null,
        "strokeDashArray": null,
        "strokeDashOffset": 0,
        "strokeLineCap": "butt",
        "strokeLineJoin": "miter",
        "strokeMiterLimit": 4,
        "strokeUniform": false,
        "strokeWidth": 1,
        "styles": [],
        "text": "Drag Target",
        "textAlign": "left",
        "textBackgroundColor": "",
        "top": 0,
        "type": "IText",
        "underline": false,
        "version": "6.5.4",
        "visible": true,
        "width": 190.0977,
      },
    },
  ],
  [
    "dragend",
    {
      "didDrop": false,
      "dragSource": {
        "angle": 0,
        "backgroundColor": "",
        "charSpacing": 0,
        "direction": "ltr",
        "fill": "rgb(0,0,0)",
        "fillRule": "nonzero",
        "flipX": false,
        "flipY": false,
        "fontFamily": "Times New Roman",
        "fontSize": 40,
        "fontStyle": "normal",
        "fontWeight": "normal",
        "globalCompositeOperation": "source-over",
        "height": 45.2,
        "left": 0,
        "lineHeight": 1.16,
        "linethrough": false,
        "opacity": 1,
        "originX": "center",
        "originY": "center",
        "overline": false,
        "paintFirst": "fill",
        "path": undefined,
        "pathAlign": "baseline",
        "pathSide": "left",
        "pathStartOffset": 0,
        "scaleX": 1,
        "scaleY": 1,
        "shadow": null,
        "skewX": 0,
        "skewY": 0,
        "stroke": null,
        "strokeDashArray": null,
        "strokeDashOffset": 0,
        "strokeLineCap": "butt",
        "strokeLineJoin": "miter",
        "strokeMiterLimit": 4,
        "strokeUniform": false,
        "strokeWidth": 1,
        "styles": [],
        "text": "Drag Target",
        "textAlign": "left",
        "textBackgroundColor": "",
        "top": 0,
        "type": "IText",
        "underline": false,
        "version": "6.5.4",
        "visible": true,
        "width": 190.0977,
      },
      "dropTarget": undefined,
      "e": MouseEvent {
        "isTrusted": false,
      },
      "subTargets": [],
      "target": {
        "angle": 0,
        "backgroundColor": "",
        "charSpacing": 0,
        "direction": "ltr",
        "fill": "rgb(0,0,0)",
        "fillRule": "nonzero",
        "flipX": false,
        "flipY": false,
        "fontFamily": "Times New Roman",
        "fontSize": 40,
        "fontStyle": "normal",
        "fontWeight": "normal",
        "globalCompositeOperation": "source-over",
        "height": 45.2,
        "left": 0,
        "lineHeight": 1.16,
        "linethrough": false,
        "opacity": 1,
        "originX": "center",
        "originY": "center",
        "overline": false,
        "paintFirst": "fill",
        "path": undefined,
        "pathAlign": "baseline",
        "pathSide": "left",
        "pathStartOffset": 0,
        "scaleX": 1,
        "scaleY": 1,
        "shadow": null,
        "skewX": 0,
        "skewY": 0,
        "stroke": null,
        "strokeDashArray": null,
        "strokeDashOffset": 0,
        "strokeLineCap": "butt",
        "strokeLineJoin": "miter",
        "strokeMiterLimit": 4,
        "strokeUniform": false,
        "strokeWidth": 1,
        "styles": [],
        "text": "Drag Target",
        "textAlign": "left",
        "textBackgroundColor": "",
        "top": 0,
        "type": "IText",
        "underline": false,
        "version": "6.5.4",
        "visible": true,
        "width": 190.0977,
      },
    },
  ],
  [
    "mouse:up:before",
    {
      "absolutePointer": Point {
        "x": -30,
        "y": -13,
      },
      "currentSubTargets": [],
      "currentTarget": {
        "angle": 0,
        "backgroundColor": "",
        "charSpacing": 0,
        "direction": "ltr",
        "fill": "rgb(0,0,0)",
        "fillRule": "nonzero",
        "flipX": false,
        "flipY": false,
        "fontFamily": "Times New Roman",
        "fontSize": 40,
        "fontStyle": "normal",
        "fontWeight": "normal",
        "globalCompositeOperation": "source-over",
        "height": 45.2,
        "left": 0,
        "lineHeight": 1.16,
        "linethrough": false,
        "opacity": 1,
        "originX": "center",
        "originY": "center",
        "overline": false,
        "paintFirst": "fill",
        "path": undefined,
        "pathAlign": "baseline",
        "pathSide": "left",
        "pathStartOffset": 0,
        "scaleX": 1,
        "scaleY": 1,
        "shadow": null,
        "skewX": 0,
        "skewY": 0,
        "stroke": null,
        "strokeDashArray": null,
        "strokeDashOffset": 0,
        "strokeLineCap": "butt",
        "strokeLineJoin": "miter",
        "strokeMiterLimit": 4,
        "strokeUniform": false,
        "strokeWidth": 1,
        "styles": [],
        "text": "Drag Target",
        "textAlign": "left",
        "textBackgroundColor": "",
        "top": 0,
        "type": "IText",
        "underline": false,
        "version": "6.5.4",
        "visible": true,
        "width": 190.0977,
      },
      "e": MouseEvent {
        "isTrusted": false,
      },
      "isClick": false,
      "pointer": Point {
        "x": 50,
        "y": 50,
      },
      "scenePoint": Point {
        "x": -30,
        "y": -13,
      },
      "subTargets": [],
      "target": {
        "angle": 0,
        "backgroundColor": "",
        "charSpacing": 0,
        "direction": "ltr",
        "fill": "rgb(0,0,0)",
        "fillRule": "nonzero",
        "flipX": false,
        "flipY": false,
        "fontFamily": "Times New Roman",
        "fontSize": 40,
        "fontStyle": "normal",
        "fontWeight": "normal",
        "globalCompositeOperation": "source-over",
        "height": 45.2,
        "left": 0,
        "lineHeight": 1.16,
        "linethrough": false,
        "opacity": 1,
        "originX": "center",
        "originY": "center",
        "overline": false,
        "paintFirst": "fill",
        "path": undefined,
        "pathAlign": "baseline",
        "pathSide": "left",
        "pathStartOffset": 0,
        "scaleX": 1,
        "scaleY": 1,
        "shadow": null,
        "skewX": 0,
        "skewY": 0,
        "stroke": null,
        "strokeDashArray": null,
        "strokeDashOffset": 0,
        "strokeLineCap": "butt",
        "strokeLineJoin": "miter",
        "strokeMiterLimit": 4,
        "strokeUniform": false,
        "strokeWidth": 1,
        "styles": [],
        "text": "Drag Target",
        "textAlign": "left",
        "textBackgroundColor": "",
        "top": 0,
        "type": "IText",
        "underline": false,
        "version": "6.5.4",
        "visible": true,
        "width": 190.0977,
      },
      "transform": null,
      "viewportPoint": Point {
        "x": 50,
        "y": 50,
      },
    },
  ],
  [
    "mouse:up",
    {
      "absolutePointer": Point {
        "x": -30,
        "y": -13,
      },
      "currentSubTargets": [],
      "currentTarget": {
        "angle": 0,
        "backgroundColor": "",
        "charSpacing": 0,
        "direction": "ltr",
        "fill": "rgb(0,0,0)",
        "fillRule": "nonzero",
        "flipX": false,
        "flipY": false,
        "fontFamily": "Times New Roman",
        "fontSize": 40,
        "fontStyle": "normal",
        "fontWeight": "normal",
        "globalCompositeOperation": "source-over",
        "height": 45.2,
        "left": 0,
        "lineHeight": 1.16,
        "linethrough": false,
        "opacity": 1,
        "originX": "center",
        "originY": "center",
        "overline": false,
        "paintFirst": "fill",
        "path": undefined,
        "pathAlign": "baseline",
        "pathSide": "left",
        "pathStartOffset": 0,
        "scaleX": 1,
        "scaleY": 1,
        "shadow": null,
        "skewX": 0,
        "skewY": 0,
        "stroke": null,
        "strokeDashArray": null,
        "strokeDashOffset": 0,
        "strokeLineCap": "butt",
        "strokeLineJoin": "miter",
        "strokeMiterLimit": 4,
        "strokeUniform": false,
        "strokeWidth": 1,
        "styles": [],
        "text": "Drag Target",
        "textAlign": "left",
        "textBackgroundColor": "",
        "top": 0,
        "type": "IText",
        "underline": false,
        "version": "6.5.4",
        "visible": true,
        "width": 190.0977,
      },
      "e": MouseEvent {
        "isTrusted": false,
      },
      "isClick": false,
      "pointer": Point {
        "x": 50,
        "y": 50,
      },
      "scenePoint": Point {
        "x": -30,
        "y": -13,
      },
      "subTargets": [],
      "target": {
        "angle": 0,
        "backgroundColor": "",
        "charSpacing": 0,
        "direction": "ltr",
        "fill": "rgb(0,0,0)",
        "fillRule": "nonzero",
        "flipX": false,
        "flipY": false,
        "fontFamily": "Times New Roman",
        "fontSize": 40,
        "fontStyle": "normal",
        "fontWeight": "normal",
        "globalCompositeOperation": "source-over",
        "height": 45.2,
        "left": 0,
        "lineHeight": 1.16,
        "linethrough": false,
        "opacity": 1,
        "originX": "center",
        "originY": "center",
        "overline": false,
        "paintFirst": "fill",
        "path": undefined,
        "pathAlign": "baseline",
        "pathSide": "left",
        "pathStartOffset": 0,
        "scaleX": 1,
        "scaleY": 1,
        "shadow": null,
        "skewX": 0,
        "skewY": 0,
        "stroke": null,
        "strokeDashArray": null,
        "strokeDashOffset": 0,
        "strokeLineCap": "butt",
        "strokeLineJoin": "miter",
        "strokeMiterLimit": 4,
        "strokeUniform": false,
        "strokeWidth": 1,
        "styles": [],
        "text": "Drag Target",
        "textAlign": "left",
        "textBackgroundColor": "",
        "top": 0,
        "type": "IText",
        "underline": false,
        "version": "6.5.4",
        "visible": true,
        "width": 190.0977,
      },
      "transform": null,
      "viewportPoint": Point {
        "x": 50,
        "y": 50,
      },
    },
  ],
  [
    "after:render",
    {
      "ctx": CanvasRenderingContext2D {
        "canvas": <canvas
          class="upper-canvas"
          data-fabric="top"
          draggable="true"
          height="150"
          style="position: absolute; left: 0px; top: 0px; user-select: none; width: 300px; height: 150px; cursor: move;"
          width="300"
        />,
        "createPattern": [Function],
        "drawImage": [Function],
      },
    },
  ],
]
`;

exports[`Canvas event data > HTML event "dragenter" should fire a corresponding canvas event 1`] = `
[
  [
    "dragstart",
    {
      "e": MouseEvent {
        "isTrusted": false,
      },
      "target": {
        "angle": 0,
        "backgroundColor": "",
        "charSpacing": 0,
        "direction": "ltr",
        "fill": "rgb(0,0,0)",
        "fillRule": "nonzero",
        "flipX": false,
        "flipY": false,
        "fontFamily": "Times New Roman",
        "fontSize": 40,
        "fontStyle": "normal",
        "fontWeight": "normal",
        "globalCompositeOperation": "source-over",
        "height": 45.2,
        "left": 0,
        "lineHeight": 1.16,
        "linethrough": false,
        "opacity": 1,
        "originX": "center",
        "originY": "center",
        "overline": false,
        "paintFirst": "fill",
        "path": undefined,
        "pathAlign": "baseline",
        "pathSide": "left",
        "pathStartOffset": 0,
        "scaleX": 1,
        "scaleY": 1,
        "shadow": null,
        "skewX": 0,
        "skewY": 0,
        "stroke": null,
        "strokeDashArray": null,
        "strokeDashOffset": 0,
        "strokeLineCap": "butt",
        "strokeLineJoin": "miter",
        "strokeMiterLimit": 4,
        "strokeUniform": false,
        "strokeWidth": 1,
        "styles": [],
        "text": "Drag Target",
        "textAlign": "left",
        "textBackgroundColor": "",
        "top": 0,
        "type": "IText",
        "underline": false,
        "version": "6.5.4",
        "visible": true,
        "width": 190.0977,
      },
    },
  ],
  [
    "dragenter",
    {
      "dragSource": {
        "angle": 0,
        "backgroundColor": "",
        "charSpacing": 0,
        "direction": "ltr",
        "fill": "rgb(0,0,0)",
        "fillRule": "nonzero",
        "flipX": false,
        "flipY": false,
        "fontFamily": "Times New Roman",
        "fontSize": 40,
        "fontStyle": "normal",
        "fontWeight": "normal",
        "globalCompositeOperation": "source-over",
        "height": 45.2,
        "left": 0,
        "lineHeight": 1.16,
        "linethrough": false,
        "opacity": 1,
        "originX": "center",
        "originY": "center",
        "overline": false,
        "paintFirst": "fill",
        "path": undefined,
        "pathAlign": "baseline",
        "pathSide": "left",
        "pathStartOffset": 0,
        "scaleX": 1,
        "scaleY": 1,
        "shadow": null,
        "skewX": 0,
        "skewY": 0,
        "stroke": null,
        "strokeDashArray": null,
        "strokeDashOffset": 0,
        "strokeLineCap": "butt",
        "strokeLineJoin": "miter",
        "strokeMiterLimit": 4,
        "strokeUniform": false,
        "strokeWidth": 1,
        "styles": [],
        "text": "Drag Target",
        "textAlign": "left",
        "textBackgroundColor": "",
        "top": 0,
        "type": "IText",
        "underline": false,
        "version": "6.5.4",
        "visible": true,
        "width": 190.0977,
      },
      "e": MouseEvent {
        "isTrusted": false,
      },
      "subTargets": [],
      "target": {
        "angle": 0,
        "backgroundColor": "",
        "charSpacing": 0,
        "direction": "ltr",
        "fill": "rgb(0,0,0)",
        "fillRule": "nonzero",
        "flipX": false,
        "flipY": false,
        "fontFamily": "Times New Roman",
        "fontSize": 40,
        "fontStyle": "normal",
        "fontWeight": "normal",
        "globalCompositeOperation": "source-over",
        "height": 45.2,
        "left": 0,
        "lineHeight": 1.16,
        "linethrough": false,
        "opacity": 1,
        "originX": "center",
        "originY": "center",
        "overline": false,
        "paintFirst": "fill",
        "path": undefined,
        "pathAlign": "baseline",
        "pathSide": "left",
        "pathStartOffset": 0,
        "scaleX": 1,
        "scaleY": 1,
        "shadow": null,
        "skewX": 0,
        "skewY": 0,
        "stroke": null,
        "strokeDashArray": null,
        "strokeDashOffset": 0,
        "strokeLineCap": "butt",
        "strokeLineJoin": "miter",
        "strokeMiterLimit": 4,
        "strokeUniform": false,
        "strokeWidth": 1,
        "styles": [],
        "text": "Drag Target",
        "textAlign": "left",
        "textBackgroundColor": "",
        "top": 0,
        "type": "IText",
        "underline": false,
        "version": "6.5.4",
        "visible": true,
        "width": 190.0977,
      },
    },
  ],
  [
    "drag:enter",
    {
      "absolutePointer": Point {
        "x": -30,
        "y": -13,
      },
      "dragSource": {
        "angle": 0,
        "backgroundColor": "",
        "charSpacing": 0,
        "direction": "ltr",
        "fill": "rgb(0,0,0)",
        "fillRule": "nonzero",
        "flipX": false,
        "flipY": false,
        "fontFamily": "Times New Roman",
        "fontSize": 40,
        "fontStyle": "normal",
        "fontWeight": "normal",
        "globalCompositeOperation": "source-over",
        "height": 45.2,
        "left": 0,
        "lineHeight": 1.16,
        "linethrough": false,
        "opacity": 1,
        "originX": "center",
        "originY": "center",
        "overline": false,
        "paintFirst": "fill",
        "path": undefined,
        "pathAlign": "baseline",
        "pathSide": "left",
        "pathStartOffset": 0,
        "scaleX": 1,
        "scaleY": 1,
        "shadow": null,
        "skewX": 0,
        "skewY": 0,
        "stroke": null,
        "strokeDashArray": null,
        "strokeDashOffset": 0,
        "strokeLineCap": "butt",
        "strokeLineJoin": "miter",
        "strokeMiterLimit": 4,
        "strokeUniform": false,
        "strokeWidth": 1,
        "styles": [],
        "text": "Drag Target",
        "textAlign": "left",
        "textBackgroundColor": "",
        "top": 0,
        "type": "IText",
        "underline": false,
        "version": "6.5.4",
        "visible": true,
        "width": 190.0977,
      },
      "e": MouseEvent {
        "isTrusted": false,
      },
      "pointer": Point {
        "x": 50,
        "y": 50,
      },
      "previousTarget": undefined,
      "scenePoint": Point {
        "x": -30,
        "y": -13,
      },
      "subTargets": [],
      "target": {
        "angle": 0,
        "backgroundColor": "",
        "charSpacing": 0,
        "direction": "ltr",
        "fill": "rgb(0,0,0)",
        "fillRule": "nonzero",
        "flipX": false,
        "flipY": false,
        "fontFamily": "Times New Roman",
        "fontSize": 40,
        "fontStyle": "normal",
        "fontWeight": "normal",
        "globalCompositeOperation": "source-over",
        "height": 45.2,
        "left": 0,
        "lineHeight": 1.16,
        "linethrough": false,
        "opacity": 1,
        "originX": "center",
        "originY": "center",
        "overline": false,
        "paintFirst": "fill",
        "path": undefined,
        "pathAlign": "baseline",
        "pathSide": "left",
        "pathStartOffset": 0,
        "scaleX": 1,
        "scaleY": 1,
        "shadow": null,
        "skewX": 0,
        "skewY": 0,
        "stroke": null,
        "strokeDashArray": null,
        "strokeDashOffset": 0,
        "strokeLineCap": "butt",
        "strokeLineJoin": "miter",
        "strokeMiterLimit": 4,
        "strokeUniform": false,
        "strokeWidth": 1,
        "styles": [],
        "text": "Drag Target",
        "textAlign": "left",
        "textBackgroundColor": "",
        "top": 0,
        "type": "IText",
        "underline": false,
        "version": "6.5.4",
        "visible": true,
        "width": 190.0977,
      },
      "viewportPoint": Point {
        "x": 50,
        "y": 50,
      },
    },
  ],
]
`;

exports[`Canvas event data > HTML event "dragleave" should fire a corresponding canvas event 1`] = `
[
  [
    "dragstart",
    {
      "e": MouseEvent {
        "isTrusted": false,
      },
      "target": {
        "angle": 0,
        "backgroundColor": "",
        "charSpacing": 0,
        "direction": "ltr",
        "fill": "rgb(0,0,0)",
        "fillRule": "nonzero",
        "flipX": false,
        "flipY": false,
        "fontFamily": "Times New Roman",
        "fontSize": 40,
        "fontStyle": "normal",
        "fontWeight": "normal",
        "globalCompositeOperation": "source-over",
        "height": 45.2,
        "left": 0,
        "lineHeight": 1.16,
        "linethrough": false,
        "opacity": 1,
        "originX": "center",
        "originY": "center",
        "overline": false,
        "paintFirst": "fill",
        "path": undefined,
        "pathAlign": "baseline",
        "pathSide": "left",
        "pathStartOffset": 0,
        "scaleX": 1,
        "scaleY": 1,
        "shadow": null,
        "skewX": 0,
        "skewY": 0,
        "stroke": null,
        "strokeDashArray": null,
        "strokeDashOffset": 0,
        "strokeLineCap": "butt",
        "strokeLineJoin": "miter",
        "strokeMiterLimit": 4,
        "strokeUniform": false,
        "strokeWidth": 1,
        "styles": [],
        "text": "Drag Target",
        "textAlign": "left",
        "textBackgroundColor": "",
        "top": 0,
        "type": "IText",
        "underline": false,
        "version": "6.5.4",
        "visible": true,
        "width": 190.0977,
      },
    },
  ],
  [
    "dragleave",
    {
      "dragSource": {
        "angle": 0,
        "backgroundColor": "",
        "charSpacing": 0,
        "direction": "ltr",
        "fill": "rgb(0,0,0)",
        "fillRule": "nonzero",
        "flipX": false,
        "flipY": false,
        "fontFamily": "Times New Roman",
        "fontSize": 40,
        "fontStyle": "normal",
        "fontWeight": "normal",
        "globalCompositeOperation": "source-over",
        "height": 45.2,
        "left": 0,
        "lineHeight": 1.16,
        "linethrough": false,
        "opacity": 1,
        "originX": "center",
        "originY": "center",
        "overline": false,
        "paintFirst": "fill",
        "path": undefined,
        "pathAlign": "baseline",
        "pathSide": "left",
        "pathStartOffset": 0,
        "scaleX": 1,
        "scaleY": 1,
        "shadow": null,
        "skewX": 0,
        "skewY": 0,
        "stroke": null,
        "strokeDashArray": null,
        "strokeDashOffset": 0,
        "strokeLineCap": "butt",
        "strokeLineJoin": "miter",
        "strokeMiterLimit": 4,
        "strokeUniform": false,
        "strokeWidth": 1,
        "styles": [],
        "text": "Drag Target",
        "textAlign": "left",
        "textBackgroundColor": "",
        "top": 0,
        "type": "IText",
        "underline": false,
        "version": "6.5.4",
        "visible": true,
        "width": 190.0977,
      },
      "e": MouseEvent {
        "isTrusted": false,
      },
      "subTargets": [],
      "target": undefined,
    },
  ],
]
`;

exports[`Canvas event data > HTML event "dragover" should fire a corresponding canvas event 1`] = `
[
  [
    "dragstart",
    {
      "e": MouseEvent {
        "isTrusted": false,
      },
      "target": {
        "angle": 0,
        "backgroundColor": "",
        "charSpacing": 0,
        "direction": "ltr",
        "fill": "rgb(0,0,0)",
        "fillRule": "nonzero",
        "flipX": false,
        "flipY": false,
        "fontFamily": "Times New Roman",
        "fontSize": 40,
        "fontStyle": "normal",
        "fontWeight": "normal",
        "globalCompositeOperation": "source-over",
        "height": 45.2,
        "left": 0,
        "lineHeight": 1.16,
        "linethrough": false,
        "opacity": 1,
        "originX": "center",
        "originY": "center",
        "overline": false,
        "paintFirst": "fill",
        "path": undefined,
        "pathAlign": "baseline",
        "pathSide": "left",
        "pathStartOffset": 0,
        "scaleX": 1,
        "scaleY": 1,
        "shadow": null,
        "skewX": 0,
        "skewY": 0,
        "stroke": null,
        "strokeDashArray": null,
        "strokeDashOffset": 0,
        "strokeLineCap": "butt",
        "strokeLineJoin": "miter",
        "strokeMiterLimit": 4,
        "strokeUniform": false,
        "strokeWidth": 1,
        "styles": [],
        "text": "Drag Target",
        "textAlign": "left",
        "textBackgroundColor": "",
        "top": 0,
        "type": "IText",
        "underline": false,
        "version": "6.5.4",
        "visible": true,
        "width": 190.0977,
      },
    },
  ],
  [
    "dragover",
    {
      "canDrop": true,
      "dragSource": {
        "angle": 0,
        "backgroundColor": "",
        "charSpacing": 0,
        "direction": "ltr",
        "fill": "rgb(0,0,0)",
        "fillRule": "nonzero",
        "flipX": false,
        "flipY": false,
        "fontFamily": "Times New Roman",
        "fontSize": 40,
        "fontStyle": "normal",
        "fontWeight": "normal",
        "globalCompositeOperation": "source-over",
        "height": 45.2,
        "left": 0,
        "lineHeight": 1.16,
        "linethrough": false,
        "opacity": 1,
        "originX": "center",
        "originY": "center",
        "overline": false,
        "paintFirst": "fill",
        "path": undefined,
        "pathAlign": "baseline",
        "pathSide": "left",
        "pathStartOffset": 0,
        "scaleX": 1,
        "scaleY": 1,
        "shadow": null,
        "skewX": 0,
        "skewY": 0,
        "stroke": null,
        "strokeDashArray": null,
        "strokeDashOffset": 0,
        "strokeLineCap": "butt",
        "strokeLineJoin": "miter",
        "strokeMiterLimit": 4,
        "strokeUniform": false,
        "strokeWidth": 1,
        "styles": [],
        "text": "Drag Target",
        "textAlign": "left",
        "textBackgroundColor": "",
        "top": 0,
        "type": "IText",
        "underline": false,
        "version": "6.5.4",
        "visible": true,
        "width": 190.0977,
      },
      "dropTarget": {
        "angle": 0,
        "backgroundColor": "",
        "charSpacing": 0,
        "direction": "ltr",
        "fill": "rgb(0,0,0)",
        "fillRule": "nonzero",
        "flipX": false,
        "flipY": false,
        "fontFamily": "Times New Roman",
        "fontSize": 40,
        "fontStyle": "normal",
        "fontWeight": "normal",
        "globalCompositeOperation": "source-over",
        "height": 45.2,
        "left": 0,
        "lineHeight": 1.16,
        "linethrough": false,
        "opacity": 1,
        "originX": "center",
        "originY": "center",
        "overline": false,
        "paintFirst": "fill",
        "path": undefined,
        "pathAlign": "baseline",
        "pathSide": "left",
        "pathStartOffset": 0,
        "scaleX": 1,
        "scaleY": 1,
        "shadow": null,
        "skewX": 0,
        "skewY": 0,
        "stroke": null,
        "strokeDashArray": null,
        "strokeDashOffset": 0,
        "strokeLineCap": "butt",
        "strokeLineJoin": "miter",
        "strokeMiterLimit": 4,
        "strokeUniform": false,
        "strokeWidth": 1,
        "styles": [],
        "text": "Drag Target",
        "textAlign": "left",
        "textBackgroundColor": "",
        "top": 0,
        "type": "IText",
        "underline": false,
        "version": "6.5.4",
        "visible": true,
        "width": 190.0977,
      },
      "e": MouseEvent {
        "isTrusted": false,
      },
      "subTargets": [],
      "target": {
        "angle": 0,
        "backgroundColor": "",
        "charSpacing": 0,
        "direction": "ltr",
        "fill": "rgb(0,0,0)",
        "fillRule": "nonzero",
        "flipX": false,
        "flipY": false,
        "fontFamily": "Times New Roman",
        "fontSize": 40,
        "fontStyle": "normal",
        "fontWeight": "normal",
        "globalCompositeOperation": "source-over",
        "height": 45.2,
        "left": 0,
        "lineHeight": 1.16,
        "linethrough": false,
        "opacity": 1,
        "originX": "center",
        "originY": "center",
        "overline": false,
        "paintFirst": "fill",
        "path": undefined,
        "pathAlign": "baseline",
        "pathSide": "left",
        "pathStartOffset": 0,
        "scaleX": 1,
        "scaleY": 1,
        "shadow": null,
        "skewX": 0,
        "skewY": 0,
        "stroke": null,
        "strokeDashArray": null,
        "strokeDashOffset": 0,
        "strokeLineCap": "butt",
        "strokeLineJoin": "miter",
        "strokeMiterLimit": 4,
        "strokeUniform": false,
        "strokeWidth": 1,
        "styles": [],
        "text": "Drag Target",
        "textAlign": "left",
        "textBackgroundColor": "",
        "top": 0,
        "type": "IText",
        "underline": false,
        "version": "6.5.4",
        "visible": true,
        "width": 190.0977,
      },
    },
  ],
  [
    "drag:enter",
    {
      "absolutePointer": Point {
        "x": -30,
        "y": -13,
      },
      "canDrop": false,
      "dragSource": {
        "angle": 0,
        "backgroundColor": "",
        "charSpacing": 0,
        "direction": "ltr",
        "fill": "rgb(0,0,0)",
        "fillRule": "nonzero",
        "flipX": false,
        "flipY": false,
        "fontFamily": "Times New Roman",
        "fontSize": 40,
        "fontStyle": "normal",
        "fontWeight": "normal",
        "globalCompositeOperation": "source-over",
        "height": 45.2,
        "left": 0,
        "lineHeight": 1.16,
        "linethrough": false,
        "opacity": 1,
        "originX": "center",
        "originY": "center",
        "overline": false,
        "paintFirst": "fill",
        "path": undefined,
        "pathAlign": "baseline",
        "pathSide": "left",
        "pathStartOffset": 0,
        "scaleX": 1,
        "scaleY": 1,
        "shadow": null,
        "skewX": 0,
        "skewY": 0,
        "stroke": null,
        "strokeDashArray": null,
        "strokeDashOffset": 0,
        "strokeLineCap": "butt",
        "strokeLineJoin": "miter",
        "strokeMiterLimit": 4,
        "strokeUniform": false,
        "strokeWidth": 1,
        "styles": [],
        "text": "Drag Target",
        "textAlign": "left",
        "textBackgroundColor": "",
        "top": 0,
        "type": "IText",
        "underline": false,
        "version": "6.5.4",
        "visible": true,
        "width": 190.0977,
      },
      "dropTarget": undefined,
      "e": MouseEvent {
        "isTrusted": false,
      },
      "pointer": Point {
        "x": 50,
        "y": 50,
      },
      "previousTarget": undefined,
      "scenePoint": Point {
        "x": -30,
        "y": -13,
      },
      "subTargets": [],
      "target": {
        "angle": 0,
        "backgroundColor": "",
        "charSpacing": 0,
        "direction": "ltr",
        "fill": "rgb(0,0,0)",
        "fillRule": "nonzero",
        "flipX": false,
        "flipY": false,
        "fontFamily": "Times New Roman",
        "fontSize": 40,
        "fontStyle": "normal",
        "fontWeight": "normal",
        "globalCompositeOperation": "source-over",
        "height": 45.2,
        "left": 0,
        "lineHeight": 1.16,
        "linethrough": false,
        "opacity": 1,
        "originX": "center",
        "originY": "center",
        "overline": false,
        "paintFirst": "fill",
        "path": undefined,
        "pathAlign": "baseline",
        "pathSide": "left",
        "pathStartOffset": 0,
        "scaleX": 1,
        "scaleY": 1,
        "shadow": null,
        "skewX": 0,
        "skewY": 0,
        "stroke": null,
        "strokeDashArray": null,
        "strokeDashOffset": 0,
        "strokeLineCap": "butt",
        "strokeLineJoin": "miter",
        "strokeMiterLimit": 4,
        "strokeUniform": false,
        "strokeWidth": 1,
        "styles": [],
        "text": "Drag Target",
        "textAlign": "left",
        "textBackgroundColor": "",
        "top": 0,
        "type": "IText",
        "underline": false,
        "version": "6.5.4",
        "visible": true,
        "width": 190.0977,
      },
      "viewportPoint": Point {
        "x": 50,
        "y": 50,
      },
    },
  ],
]
`;

exports[`Canvas event data > HTML event "drop" should fire a corresponding canvas event 1`] = `
[
  [
    "dragstart",
    {
      "e": MouseEvent {
        "isTrusted": false,
      },
      "target": {
        "angle": 0,
        "backgroundColor": "",
        "charSpacing": 0,
        "direction": "ltr",
        "fill": "rgb(0,0,0)",
        "fillRule": "nonzero",
        "flipX": false,
        "flipY": false,
        "fontFamily": "Times New Roman",
        "fontSize": 40,
        "fontStyle": "normal",
        "fontWeight": "normal",
        "globalCompositeOperation": "source-over",
        "height": 45.2,
        "left": 0,
        "lineHeight": 1.16,
        "linethrough": false,
        "opacity": 1,
        "originX": "center",
        "originY": "center",
        "overline": false,
        "paintFirst": "fill",
        "path": undefined,
        "pathAlign": "baseline",
        "pathSide": "left",
        "pathStartOffset": 0,
        "scaleX": 1,
        "scaleY": 1,
        "shadow": null,
        "skewX": 0,
        "skewY": 0,
        "stroke": null,
        "strokeDashArray": null,
        "strokeDashOffset": 0,
        "strokeLineCap": "butt",
        "strokeLineJoin": "miter",
        "strokeMiterLimit": 4,
        "strokeUniform": false,
        "strokeWidth": 1,
        "styles": [],
        "text": "Drag Target",
        "textAlign": "left",
        "textBackgroundColor": "",
        "top": 0,
        "type": "IText",
        "underline": false,
        "version": "6.5.4",
        "visible": true,
        "width": 190.0977,
      },
    },
  ],
  [
    "drop:before",
    {
      "absolutePointer": Point {
        "x": -30,
        "y": -13,
      },
      "didDrop": false,
      "dragSource": {
        "angle": 0,
        "backgroundColor": "",
        "charSpacing": 0,
        "direction": "ltr",
        "fill": "rgb(0,0,0)",
        "fillRule": "nonzero",
        "flipX": false,
        "flipY": false,
        "fontFamily": "Times New Roman",
        "fontSize": 40,
        "fontStyle": "normal",
        "fontWeight": "normal",
        "globalCompositeOperation": "source-over",
        "height": 45.2,
        "left": 0,
        "lineHeight": 1.16,
        "linethrough": false,
        "opacity": 1,
        "originX": "center",
        "originY": "center",
        "overline": false,
        "paintFirst": "fill",
        "path": undefined,
        "pathAlign": "baseline",
        "pathSide": "left",
        "pathStartOffset": 0,
        "scaleX": 1,
        "scaleY": 1,
        "shadow": null,
        "skewX": 0,
        "skewY": 0,
        "stroke": null,
        "strokeDashArray": null,
        "strokeDashOffset": 0,
        "strokeLineCap": "butt",
        "strokeLineJoin": "miter",
        "strokeMiterLimit": 4,
        "strokeUniform": false,
        "strokeWidth": 1,
        "styles": [],
        "text": "Drag Target",
        "textAlign": "left",
        "textBackgroundColor": "",
        "top": 0,
        "type": "IText",
        "underline": false,
        "version": "6.5.4",
        "visible": true,
        "width": 190.0977,
      },
      "dropTarget": undefined,
      "e": MouseEvent {
        "isTrusted": false,
      },
      "pointer": Point {
        "x": 50,
        "y": 50,
      },
      "scenePoint": Point {
        "x": -30,
        "y": -13,
      },
      "subTargets": [],
      "target": {
        "angle": 0,
        "backgroundColor": "",
        "charSpacing": 0,
        "direction": "ltr",
        "fill": "rgb(0,0,0)",
        "fillRule": "nonzero",
        "flipX": false,
        "flipY": false,
        "fontFamily": "Times New Roman",
        "fontSize": 40,
        "fontStyle": "normal",
        "fontWeight": "normal",
        "globalCompositeOperation": "source-over",
        "height": 45.2,
        "left": 0,
        "lineHeight": 1.16,
        "linethrough": false,
        "opacity": 1,
        "originX": "center",
        "originY": "center",
        "overline": false,
        "paintFirst": "fill",
        "path": undefined,
        "pathAlign": "baseline",
        "pathSide": "left",
        "pathStartOffset": 0,
        "scaleX": 1,
        "scaleY": 1,
        "shadow": null,
        "skewX": 0,
        "skewY": 0,
        "stroke": null,
        "strokeDashArray": null,
        "strokeDashOffset": 0,
        "strokeLineCap": "butt",
        "strokeLineJoin": "miter",
        "strokeMiterLimit": 4,
        "strokeUniform": false,
        "strokeWidth": 1,
        "styles": [],
        "text": "Drag Target",
        "textAlign": "left",
        "textBackgroundColor": "",
        "top": 0,
        "type": "IText",
        "underline": false,
        "version": "6.5.4",
        "visible": true,
        "width": 190.0977,
      },
      "viewportPoint": Point {
        "x": 50,
        "y": 50,
      },
    },
  ],
  [
    "drop",
    {
      "absolutePointer": Point {
        "x": -30,
        "y": -13,
      },
      "didDrop": false,
      "dragSource": {
        "angle": 0,
        "backgroundColor": "",
        "charSpacing": 0,
        "direction": "ltr",
        "fill": "rgb(0,0,0)",
        "fillRule": "nonzero",
        "flipX": false,
        "flipY": false,
        "fontFamily": "Times New Roman",
        "fontSize": 40,
        "fontStyle": "normal",
        "fontWeight": "normal",
        "globalCompositeOperation": "source-over",
        "height": 45.2,
        "left": 0,
        "lineHeight": 1.16,
        "linethrough": false,
        "opacity": 1,
        "originX": "center",
        "originY": "center",
        "overline": false,
        "paintFirst": "fill",
        "path": undefined,
        "pathAlign": "baseline",
        "pathSide": "left",
        "pathStartOffset": 0,
        "scaleX": 1,
        "scaleY": 1,
        "shadow": null,
        "skewX": 0,
        "skewY": 0,
        "stroke": null,
        "strokeDashArray": null,
        "strokeDashOffset": 0,
        "strokeLineCap": "butt",
        "strokeLineJoin": "miter",
        "strokeMiterLimit": 4,
        "strokeUniform": false,
        "strokeWidth": 1,
        "styles": [],
        "text": "Drag Target",
        "textAlign": "left",
        "textBackgroundColor": "",
        "top": 0,
        "type": "IText",
        "underline": false,
        "version": "6.5.4",
        "visible": true,
        "width": 190.0977,
      },
      "dropTarget": undefined,
      "e": MouseEvent {
        "isTrusted": false,
      },
      "pointer": Point {
        "x": 50,
        "y": 50,
      },
      "scenePoint": Point {
        "x": -30,
        "y": -13,
      },
      "subTargets": [],
      "target": {
        "angle": 0,
        "backgroundColor": "",
        "charSpacing": 0,
        "direction": "ltr",
        "fill": "rgb(0,0,0)",
        "fillRule": "nonzero",
        "flipX": false,
        "flipY": false,
        "fontFamily": "Times New Roman",
        "fontSize": 40,
        "fontStyle": "normal",
        "fontWeight": "normal",
        "globalCompositeOperation": "source-over",
        "height": 45.2,
        "left": 0,
        "lineHeight": 1.16,
        "linethrough": false,
        "opacity": 1,
        "originX": "center",
        "originY": "center",
        "overline": false,
        "paintFirst": "fill",
        "path": undefined,
        "pathAlign": "baseline",
        "pathSide": "left",
        "pathStartOffset": 0,
        "scaleX": 1,
        "scaleY": 1,
        "shadow": null,
        "skewX": 0,
        "skewY": 0,
        "stroke": null,
        "strokeDashArray": null,
        "strokeDashOffset": 0,
        "strokeLineCap": "butt",
        "strokeLineJoin": "miter",
        "strokeMiterLimit": 4,
        "strokeUniform": false,
        "strokeWidth": 1,
        "styles": [],
        "text": "Drag Target",
        "textAlign": "left",
        "textBackgroundColor": "",
        "top": 0,
        "type": "IText",
        "underline": false,
        "version": "6.5.4",
        "visible": true,
        "width": 190.0977,
      },
      "viewportPoint": Point {
        "x": 50,
        "y": 50,
      },
    },
  ],
  [
    "drop:after",
    {
      "absolutePointer": Point {
        "x": -30,
        "y": -13,
      },
      "didDrop": false,
      "dragSource": {
        "angle": 0,
        "backgroundColor": "",
        "charSpacing": 0,
        "direction": "ltr",
        "fill": "rgb(0,0,0)",
        "fillRule": "nonzero",
        "flipX": false,
        "flipY": false,
        "fontFamily": "Times New Roman",
        "fontSize": 40,
        "fontStyle": "normal",
        "fontWeight": "normal",
        "globalCompositeOperation": "source-over",
        "height": 45.2,
        "left": 0,
        "lineHeight": 1.16,
        "linethrough": false,
        "opacity": 1,
        "originX": "center",
        "originY": "center",
        "overline": false,
        "paintFirst": "fill",
        "path": undefined,
        "pathAlign": "baseline",
        "pathSide": "left",
        "pathStartOffset": 0,
        "scaleX": 1,
        "scaleY": 1,
        "shadow": null,
        "skewX": 0,
        "skewY": 0,
        "stroke": null,
        "strokeDashArray": null,
        "strokeDashOffset": 0,
        "strokeLineCap": "butt",
        "strokeLineJoin": "miter",
        "strokeMiterLimit": 4,
        "strokeUniform": false,
        "strokeWidth": 1,
        "styles": [],
        "text": "Drag Target",
        "textAlign": "left",
        "textBackgroundColor": "",
        "top": 0,
        "type": "IText",
        "underline": false,
        "version": "6.5.4",
        "visible": true,
        "width": 190.0977,
      },
      "dropTarget": undefined,
      "e": MouseEvent {
        "isTrusted": false,
      },
      "pointer": Point {
        "x": 50,
        "y": 50,
      },
      "scenePoint": Point {
        "x": -30,
        "y": -13,
      },
      "subTargets": [],
      "target": {
        "angle": 0,
        "backgroundColor": "",
        "charSpacing": 0,
        "direction": "ltr",
        "fill": "rgb(0,0,0)",
        "fillRule": "nonzero",
        "flipX": false,
        "flipY": false,
        "fontFamily": "Times New Roman",
        "fontSize": 40,
        "fontStyle": "normal",
        "fontWeight": "normal",
        "globalCompositeOperation": "source-over",
        "height": 45.2,
        "left": 0,
        "lineHeight": 1.16,
        "linethrough": false,
        "opacity": 1,
        "originX": "center",
        "originY": "center",
        "overline": false,
        "paintFirst": "fill",
        "path": undefined,
        "pathAlign": "baseline",
        "pathSide": "left",
        "pathStartOffset": 0,
        "scaleX": 1,
        "scaleY": 1,
        "shadow": null,
        "skewX": 0,
        "skewY": 0,
        "stroke": null,
        "strokeDashArray": null,
        "strokeDashOffset": 0,
        "strokeLineCap": "butt",
        "strokeLineJoin": "miter",
        "strokeMiterLimit": 4,
        "strokeUniform": false,
        "strokeWidth": 1,
        "styles": [],
        "text": "Drag Target",
        "textAlign": "left",
        "textBackgroundColor": "",
        "top": 0,
        "type": "IText",
        "underline": false,
        "version": "6.5.4",
        "visible": true,
        "width": 190.0977,
      },
      "viewportPoint": Point {
        "x": 50,
        "y": 50,
      },
    },
  ],
]
`;

exports[`Canvas event data > HTML event "mousedown" should fire a corresponding canvas event 1`] = `
[
  [
    "mouse:down:before",
    {
      "absolutePointer": Point {
        "x": -30,
        "y": -13,
      },
      "e": MouseEvent {
        "isTrusted": false,
      },
      "pointer": Point {
        "x": 50,
        "y": 50,
      },
      "scenePoint": Point {
        "x": -30,
        "y": -13,
      },
      "subTargets": [],
      "target": undefined,
      "transform": null,
      "viewportPoint": Point {
        "x": 50,
        "y": 50,
      },
    },
  ],
  [
    "mouse:down",
    {
      "absolutePointer": Point {
        "x": -30,
        "y": -13,
      },
      "e": MouseEvent {
        "isTrusted": false,
      },
      "pointer": Point {
        "x": 50,
        "y": 50,
      },
      "scenePoint": Point {
        "x": -30,
        "y": -13,
      },
      "subTargets": [],
      "target": undefined,
      "transform": null,
      "viewportPoint": Point {
        "x": 50,
        "y": 50,
      },
    },
  ],
]
`;

exports[`Canvas event data > HTML event "mouseenter" should fire a corresponding canvas event 1`] = `
[
  [
    "mouse:over",
    {
      "absolutePointer": Point {
        "x": -30,
        "y": -13,
      },
      "e": MouseEvent {
        "isTrusted": false,
      },
      "pointer": Point {
        "x": 50,
        "y": 50,
      },
      "scenePoint": Point {
        "x": -30,
        "y": -13,
      },
      "viewportPoint": Point {
        "x": 50,
        "y": 50,
      },
    },
  ],
]
`;

exports[`Canvas event data > HTML event "mouseleave" should fire a corresponding canvas event 1`] = `[]`;

exports[`Canvas event data > HTML event "mousemove" should fire a corresponding canvas event 1`] = `
[
  [
    "mouse:move:before",
    {
      "absolutePointer": Point {
        "x": -30,
        "y": -13,
      },
      "e": MouseEvent {
        "isTrusted": false,
      },
      "pointer": Point {
        "x": 50,
        "y": 50,
      },
      "scenePoint": Point {
        "x": -30,
        "y": -13,
      },
      "subTargets": [],
      "target": undefined,
      "transform": null,
      "viewportPoint": Point {
        "x": 50,
        "y": 50,
      },
    },
  ],
  [
    "mouse:move",
    {
      "absolutePointer": Point {
        "x": -30,
        "y": -13,
      },
      "e": MouseEvent {
        "isTrusted": false,
      },
      "pointer": Point {
        "x": 50,
        "y": 50,
      },
      "scenePoint": Point {
        "x": -30,
        "y": -13,
      },
      "subTargets": [],
      "target": undefined,
      "transform": null,
      "viewportPoint": Point {
        "x": 50,
        "y": 50,
      },
    },
  ],
]
`;

exports[`Canvas event data > HTML event "mouseout" should fire a corresponding canvas event 1`] = `
[
  [
    "mouse:out",
    {
      "absolutePointer": Point {
        "x": -30,
        "y": -13,
      },
      "e": MouseEvent {
        "isTrusted": false,
      },
      "pointer": Point {
        "x": 50,
        "y": 50,
      },
      "scenePoint": Point {
        "x": -30,
        "y": -13,
      },
      "target": undefined,
      "viewportPoint": Point {
        "x": 50,
        "y": 50,
      },
    },
  ],
]
`;

exports[`Canvas event data > HTML event "mouseover" should fire a corresponding canvas event 1`] = `[]`;

exports[`Canvas event data > HTML event "mouseup" should fire a corresponding canvas event 1`] = `
[
  [
    "mouse:up:before",
    {
      "absolutePointer": Point {
        "x": -30,
        "y": -13,
      },
      "currentSubTargets": [],
      "currentTarget": undefined,
      "e": MouseEvent {
        "isTrusted": false,
      },
      "isClick": true,
      "pointer": Point {
        "x": 50,
        "y": 50,
      },
      "scenePoint": Point {
        "x": -30,
        "y": -13,
      },
      "subTargets": [],
      "target": undefined,
      "transform": null,
      "viewportPoint": Point {
        "x": 50,
        "y": 50,
      },
    },
  ],
  [
    "mouse:up",
    {
      "absolutePointer": Point {
        "x": -30,
        "y": -13,
      },
      "currentSubTargets": [],
      "currentTarget": undefined,
      "e": MouseEvent {
        "isTrusted": false,
      },
      "isClick": true,
      "pointer": Point {
        "x": 50,
        "y": 50,
      },
      "scenePoint": Point {
        "x": -30,
        "y": -13,
      },
      "subTargets": [],
      "target": undefined,
      "transform": null,
      "viewportPoint": Point {
        "x": 50,
        "y": 50,
      },
    },
  ],
]
`;

exports[`Canvas event data > HTML event "wheel" should fire a corresponding canvas event 1`] = `
[
  [
    "mouse:wheel",
    {
      "absolutePointer": Point {
        "x": -30,
        "y": -13,
      },
      "e": MouseEvent {
        "isTrusted": false,
      },
      "pointer": Point {
        "x": 50,
        "y": 50,
      },
      "scenePoint": Point {
        "x": -30,
        "y": -13,
      },
      "subTargets": [],
      "target": undefined,
      "transform": null,
      "viewportPoint": Point {
        "x": 50,
        "y": 50,
      },
    },
  ],
]
`;

exports[`Event targets > should fire mouse over/out events on target 1`] = `
[
  [
    "mousemove:before",
    {
      "absolutePointer": Point {
        "x": 5,
        "y": 5,
      },
      "e": MouseEvent {
        "isTrusted": false,
      },
      "pointer": Point {
        "x": 5,
        "y": 5,
      },
      "scenePoint": Point {
        "x": 5,
        "y": 5,
      },
      "subTargets": [],
      "target": "target",
      "transform": null,
      "viewportPoint": Point {
        "x": 5,
        "y": 5,
      },
    },
  ],
  [
    "mouseover",
    {
      "absolutePointer": Point {
        "x": 5,
        "y": 5,
      },
      "e": MouseEvent {
        "isTrusted": false,
      },
      "pointer": Point {
        "x": 5,
        "y": 5,
      },
      "previousTarget": undefined,
      "scenePoint": Point {
        "x": 5,
        "y": 5,
      },
      "target": "target",
      "viewportPoint": Point {
        "x": 5,
        "y": 5,
      },
    },
  ],
  [
    "mousemove",
    {
      "absolutePointer": Point {
        "x": 5,
        "y": 5,
      },
      "e": MouseEvent {
        "isTrusted": false,
      },
      "pointer": Point {
        "x": 5,
        "y": 5,
      },
      "scenePoint": Point {
        "x": 5,
        "y": 5,
      },
      "subTargets": [],
      "target": "target",
      "transform": null,
      "viewportPoint": Point {
        "x": 5,
        "y": 5,
      },
    },
  ],
  [
    "mouseout",
    {
      "absolutePointer": Point {
        "x": 20,
        "y": 20,
      },
      "e": MouseEvent {
        "isTrusted": false,
      },
      "nextTarget": undefined,
      "pointer": Point {
        "x": 20,
        "y": 20,
      },
      "scenePoint": Point {
        "x": 20,
        "y": 20,
      },
      "target": "target",
      "viewportPoint": Point {
        "x": 20,
        "y": 20,
      },
    },
  ],
]
`;

exports[`Event targets > should fire mouse over/out events on target 2`] = `
[
  [
    "mouse:move:before",
    {
      "absolutePointer": Point {
        "x": 5,
        "y": 5,
      },
      "e": MouseEvent {
        "isTrusted": false,
      },
      "pointer": Point {
        "x": 5,
        "y": 5,
      },
      "scenePoint": Point {
        "x": 5,
        "y": 5,
      },
      "subTargets": [],
      "target": "target",
      "transform": null,
      "viewportPoint": Point {
        "x": 5,
        "y": 5,
      },
    },
  ],
  [
    "mouse:over",
    {
      "absolutePointer": Point {
        "x": 5,
        "y": 5,
      },
      "e": MouseEvent {
        "isTrusted": false,
      },
      "pointer": Point {
        "x": 5,
        "y": 5,
      },
      "previousTarget": undefined,
      "scenePoint": Point {
        "x": 5,
        "y": 5,
      },
      "target": "target",
      "viewportPoint": Point {
        "x": 5,
        "y": 5,
      },
    },
  ],
  [
    "mouse:move",
    {
      "absolutePointer": Point {
        "x": 5,
        "y": 5,
      },
      "e": MouseEvent {
        "isTrusted": false,
      },
      "pointer": Point {
        "x": 5,
        "y": 5,
      },
      "scenePoint": Point {
        "x": 5,
        "y": 5,
      },
      "subTargets": [],
      "target": "target",
      "transform": null,
      "viewportPoint": Point {
        "x": 5,
        "y": 5,
      },
    },
  ],
  [
    "mouse:move:before",
    {
      "absolutePointer": Point {
        "x": 20,
        "y": 20,
      },
      "e": MouseEvent {
        "isTrusted": false,
      },
      "pointer": Point {
        "x": 20,
        "y": 20,
      },
      "scenePoint": Point {
        "x": 20,
        "y": 20,
      },
      "subTargets": [],
      "target": undefined,
      "transform": null,
      "viewportPoint": Point {
        "x": 20,
        "y": 20,
      },
    },
  ],
  [
    "mouse:out",
    {
      "absolutePointer": Point {
        "x": 20,
        "y": 20,
      },
      "e": MouseEvent {
        "isTrusted": false,
      },
      "nextTarget": undefined,
      "pointer": Point {
        "x": 20,
        "y": 20,
      },
      "scenePoint": Point {
        "x": 20,
        "y": 20,
      },
      "target": "target",
      "viewportPoint": Point {
        "x": 20,
        "y": 20,
      },
    },
  ],
  [
    "mouse:move",
    {
      "absolutePointer": Point {
        "x": 20,
        "y": 20,
      },
      "e": MouseEvent {
        "isTrusted": false,
      },
      "pointer": Point {
        "x": 20,
        "y": 20,
      },
      "scenePoint": Point {
        "x": 20,
        "y": 20,
      },
      "subTargets": [],
      "target": undefined,
      "transform": null,
      "viewportPoint": Point {
        "x": 20,
        "y": 20,
      },
    },
  ],
]
`;
